Earth on 163842 cells; valley floors at the lowest 0.3 of each cell's land points; exact ties settled as the engine settles them
sea water poured: 1.33758e+18 m3, what the ocean of the relief data holds; the sea of the mesh comes to rest at +1.9 m and covers 70.75 % of the planet; 47962 land cells

1. Great rivers at their last gauging stations (flows in km3 a year, areas in thousand km2, depths in mm a year)
                           flow            |  land that drains to the gauge   | what that land sheds               | lakes on the
             measured  engine  within x2  |     real  reaches  all hollows full | measured  engine   rain  demand | way lose
Amazon           5330    4286  yes        |     4619     5528              5652 |     1154     824   2333    1655 |      269
Congo            1271      11  NO         |     3475       50                50 |      366     257   1580    1675 |        2
Orinoco           984     380  NO         |      836      600               600 |     1177     740   2133    1685 |       64
Yangtze           910     116  NO         |     1705      806              1542 |      534     183   1349    1208 |       31
Brahmaputra       613     270  NO         |      555      484              1066 |     1105     586   1574    1117 |       13
Mississippi       536     882  yes        |     2896     3405              3405 |      185     294    973     828 |      118
Yenisei           577     234  NO         |     2440      542               542 |      236     443    714     293 |        6
Parana            476     517  yes        |     2346     2979              3308 |      203     182   1328    1425 |       24
Lena              526       6  NO         |     2430       53                53 |      216     120    373     265 |        0
Mekong            292     107  NO         |      545      313               369 |      536     415   1574    1511 |       23
Ob                397      38  NO         |     2430       65                65 |      163     586    841     255 |        0
Ganges            382     270  yes        |      952      484              1066 |      401     586   1574    1117 |       13
St Lawrence       226      85  NO         |      774      187               187 |      292     545   1109     600 |       17
Amur              312      33  NO         |     1730      121               121 |      180     329    798     487 |        7
Mackenzie         288     106  NO         |     1660     1698              1733 |      173      88    423     407 |       42
Columbia          172     133  yes        |      614      509              1050 |      280     340    742     689 |       40
Danube            202      47  NO         |      807      626               626 |      250     264    863     766 |      119
Niger              33       4  NO         |     1516      107               451 |       22      62    845    1714 |        0
Zambezi           105      14  NO         |      940      262              2063 |      112      87    947    1572 |        8
Indus              89       0  NO         |      975       72              1314 |       91       0    267    1460 |        0   no river within 150 km: the cell that the most land drains to, with every hollow full
Rhine              73     108  yes        |      180      243               243 |      406     476   1123     700 |        8
within a factor of two of the measured flow: 6 of 21
the books of every gauge close: land that reaches it x what it sheds - what lakes on the way lose - what a closed lake in the gauge's own cell keeps = the flow, to within 1.1e-05 km3 a year; a closed lake in the cell of the Niger's gauge keeps 2.36 km3
and at every cell of the mesh, to within 5.9e-08 of the larger of the flow and the water shed upstream

2. Like for like: what the land of each basin sheds, on the mesh's own river at the gauge (areas in thousand km2, depths in mm a year)
             basin: real    mesh  alike  sheds: measured  engine  engine / measured   rain  demand  measured / rain  snow / rain
Amazon              4619    5212  yes               1154     809               0.70   2297    1650             0.50         0.00
Congo               3475      50  no                 366     257               0.70   1580    1675             0.23         0.00
Orinoco              836     600  yes               1177     740               0.63   2133    1685             0.55         0.00
Yangtze             1705    1542  yes                534     111               0.21   1151    1146             0.46         0.01
Brahmaputra          555     956  no                1105     195               0.18    876     949             1.26         0.05
Mississippi         2896    3299  yes                185     288               1.56    957     818             0.19         0.17
Yenisei             2440     542  no                 236     443               1.87    714     293             0.33         0.60
Parana              2346    3158  yes                203     165               0.81   1260    1426             0.16         0.00
Lena                2430      53  no                 216     120               0.55    373     265             0.58         0.54
Mekong               545     369  yes                536     366               0.68   1496    1484             0.36         0.00
Ob                  2430      65  no                 163     586               3.59    841     255             0.19         0.61
Ganges               952     987  yes                401     228               0.57   1039    1353             0.39         0.01
St Lawrence          774     187  no                 292     545               1.86   1109     600             0.26         0.33
Amur                1730     121  no                 180     329               1.83    798     487             0.23         0.32
Mackenzie           1660    1662  yes                173      88               0.51    424     410             0.41         0.35
Columbia             614     570  yes                280      58               0.21    395     855             0.71         0.26
Danube               807     626  yes                250     264               1.06    863     766             0.29         0.12
Niger               1516    1232  yes                 22       8               0.35    324    1682             0.07         0.00
Zambezi              940    1840  no                 112      30               0.26    729    1564             0.15         0.00
Indus                975    1072  yes                 91      14               0.15    464    1226             0.20         0.08
Rhine                180     231  yes                406     477               1.18   1130     702             0.36         0.12
(rain: all that falls, rain and snow together; snow / rain: the share of it handed to the engine as snow, which is made from the
 month's mean temperature and not measured)
basins alike: 13 of 21. All of them together, the engine sheds 0.70 of the measured depth; basin by basin 0.15 to 1.56, 10 below 1 and 3 above; within a factor of two: 9
what that figure can bear: it is a mean weighted by water, and the Amazon carries 59 % of the weight. Without the Amazon: 0.70. The median of the basins' own ratios: 0.63
basins in which the runoff measured is more than 0.6 of the rain handed to the engine over the mesh's basin, so that the comparison tests the rain data or the basin more than what Hydrology does with rain: the Columbia (rain 395, measured runoff 280). Without them: 0.71
(the engine's depth is taken before any lake loses water, the measured one after: that favours the engine. Taken as the flow at the same
 cells, after closed hollows upstream have kept their water and lakes on the way have lost theirs: 0.62)
The Volga at Volgograd, which ends in a closed sea and is not among the gauges: basin 1360 real, 1430 on the mesh (alike)
   published for the basin: precipitation 585 mm a year, 30 % of it snow (176 mm); 53 % of the runoff in the spring flood; and three figures for the runoff that do not agree: 262 km3 of runoff, 193 mm; a runoff coefficient of 0.38, 222 mm; a water content of 250 km3, 184 mm
   on the mesh, over the land that drains through the place   precipitation of it snow  sheds  in its largest month   over the 193   over the 222   over the 184
   under the rain data                                                  750        321    344          320 (month  4)           1.79           1.55           1.87
   the rain data scaled to the published total                          585        250    222          220 (month  4)           1.15           1.00           1.21
   the published total with the published share of snow                 585        175    176          159 (month  4)           0.91           0.79           0.96
   the rain data's total with the published share of snow               750        225    287          231 (month  4)           1.49           1.29           1.56
   (the last three rows are diagnoses. Which precipitation is nearer the truth is not known here: if the published one, the excess of the
    first row comes with the rain data and with the snow made of them; if the rain data, it is the model's)

3. Where each great river leaves the land with every hollow full, against its real mouth
Amazon          354 km from its mouth, at   -1.7,   -53.0
Nile            121 km from its mouth, at   30.7,    31.9
Mississippi     295 km from its mouth, at   30.2,   -92.1
Congo           668 km from its mouth, at   -1.0,     9.0
Yangtze          60 km from its mouth, at   31.5,   121.2
Ob              586 km from its mouth, at   71.7,    72.0
Mackenzie        26 km from its mouth, at   69.1,  -134.6
Danube          579 km from its mouth, at   40.5,    26.7
Ganges          253 km from its mouth, at   24.0,    88.8
Parana           20 km from its mouth, at  -34.3,   -58.0
Niger           260 km from its mouth, at    4.6,     8.3
Lena             73 km from its mouth, at   73.1,   127.3
Yenisei         398 km from its mouth, at   71.7,    72.0
Indus            75 km from its mouth, at   24.2,    68.2
Murray           33 km from its mouth, at  -35.5,   139.3
Volga          1865 km from its mouth, at   40.5,    26.7
Zambezi         101 km from its mouth, at  -18.1,    35.7
Orinoco         192 km from its mouth, at    9.7,   -62.4
St Lawrence    3029 km from its mouth, at   30.2,   -92.1
Columbia        115 km from its mouth, at   45.2,  -123.4
Rhine            99 km from its mouth, at   51.6,     5.4
Mekong          292 km from its mouth, at   12.2,   105.0
Amur           1290 km from its mouth, at   43.3,   131.5
Huang He       1215 km from its mouth, at   43.3,   131.5
within 300 km: 15 of 24

4. The largest lakes (km2; m; km3 a year)
        area  level  outlet reaches it extra loss  runs on rain on it evaporates   lowest point at
   1,116,823     76  no            658        658     0.00        464       1033     38.7,    49.1
     779,978    457  yes           578        310   268.01       1375       1527     -1.5,    16.7
     606,830     64  yes           561        260   301.00        487        556     43.3,    36.8
     597,261     61  yes          4482        196  4285.99       1563       1175      0.0,   -63.0
     453,818    196  yes           533         89   444.16        470        347     45.8,   -73.4
     397,291     25  yes           730         75   655.78        321        231     57.3,    19.9
     257,284    260  yes           141         73    67.73        227        227     45.7,    20.7
     250,967     91  yes           354         52   302.00        155        146     58.2,    68.4
     168,914    152  yes           162         26   135.93        130        122     45.2,   131.8
     161,884    229  yes           123         28    95.05         58         79     61.2,  -115.2
     137,943     45  yes          1220          7  1212.80        101         37     66.7,    72.0
     132,704     73  yes           211         16   194.83         99         60     66.0,    36.0
(reaches it: the water that runs toward the lake, counted as if none of its ground were flooded; so it holds the rain on the lake's own
 cells less what their ground would have given the air. What rivers and shores bring = runs on + evaporates - rain on it.)
lakes larger than 100,000 km2: 14, with 52 % of all the land under lakes
The lake at the Caspian's place: 1.12 million km2 at 76 m; it keeps its water
   rivers and shores bring it 569 km3 a year; each square metre of it gives the air 925 mm a year and gets 416 mm of rain
   the land whose water reaches it: 4.06 million km2 with the ground under the lake, 2.95 without; over that land the water brought is 193 mm a year; it holds the Don at Voronezh

5. The water of all the land (thousand km3 a year)
rain on land 117.2; back to the air 86.8 (0.740 of the rain); rivers reaching the sea 30.4
shed by the land as if none of it were flooded 34.2 (0.708 of the rain back to the air); lakes with an outlet lose 2.61 more than the ground they cover; closed lakes keep 1.17
land whose water reaches the sea as the water runs: 70.5 %; land that drains into a closed hollow (depression_id above 0): 62.8 %; land under water if every hollow were full: 11.1 %, and another 3.3 % exactly level with that water
the air's demand for water over land 1004 mm a year; rain 786 mm; back to the air 582 mm; lakes cover 6.78 % of the land: 660 lakes, 518 with an outlet

6. Narrows (the lowest way through the valley, on the heights Drainage was handed), and where the water goes instead
Congo        the valley rises to 572 m, at -4.0, 16.0; the lake above it stands at 457 m and overflows by another way
             its water leaves the land at -1.0, 9.0; the highest cell on its way, by mean height: 492 m at -0.5, 14.4, handed to Drainage at 457 m
Danube       the valley rises to 260 m, at 43.9, 22.2; the lake above it stands at 260 m and overflows, and the valley stands no higher than its water
             its water leaves the land at 40.5, 26.7; the highest cell on its way, by mean height: 424 m at 43.9, 21.5, handed to Drainage at 248 m
Lena         the valley rises to 183 m, at 71.5, 125.7; the lake above it stands at 122 m and overflows by another way
             its water leaves the land at 73.1, 127.3; the highest cell on its way, by mean height: 164 m at 70.5, 122.1, handed to Drainage at 122 m
St Lawrence  the valley rises to 349 m, at 46.9, -69.9; the lake above it stands at 196 m and overflows by another way
             its water leaves the land at 30.2, -92.1; the highest cell on its way, by mean height: 214 m at 45.9, -74.1, handed to Drainage at 93 m
Amur         the valley rises to 213 m, at 53.1, 136.0; the lake above it stands at 152 m and overflows by another way
             its water leaves the land at 43.3, 131.5; the highest cell on its way, by mean height: 224 m at 49.1, 136.7, handed to Drainage at 91 m
Yangtze      the valley rises to 838 m, at 29.3, 108.3; no lake stands above it

7. What the ties decide: the engine's way of settling them, the cells' mean heights, and 20 settlements at random
   (a random settlement draws the width of every way, the order of the cells, which of several passes of one height is taken,
    and the order in which level ground is drained)

River mouths within 300 km, of 24: engine 15; mean heights 14; at random 14 to 16
              engine    mean   at random: from     to   within 300 km in
Amazon           354     354               354    354     0 of 20
Nile             121     121               121    121    20 of 20
Mississippi      295     241               241    295    20 of 20
Congo            668     668               668    668     0 of 20
Yangtze           60     350                60    897    15 of 20   <- the ties decide
Ob               586     586               586    586     0 of 20
Mackenzie         26      26                26     26    20 of 20
Danube           579     579               579    579     0 of 20
Ganges           253     277               240    277    20 of 20
Parana            20      20                20     20    20 of 20
Niger            260     142               136    260    20 of 20
Lena              73     206               111    302    16 of 20   <- the ties decide
Yenisei          398     398               398    398     0 of 20
Indus             75      75                75     75    20 of 20
Murray            33      33                33     33    20 of 20
Volga           1865    1865              1865   1865     0 of 20
Zambezi          101     101               101    101    20 of 20
Orinoco          192     192               192    192    20 of 20
St Lawrence     3029    3001              3001   3029     0 of 20
Columbia         115     115               115    115    20 of 20
Rhine             99      99                99     99    20 of 20
Mekong           292     292               270    292    20 of 20
Amur            1290    1290              1290   1290     0 of 20
Huang He        1215    1215               203   1215    10 of 20   <- the ties decide
in all 20: 13 rivers; in none: 8; in some: 3

Gauges within a factor of two, of 21: engine 6; mean heights 6; at random 6 to 9
             measured  engine    mean   at random: from     to   within x2 in    | like for like: alike in, engine / measured from, to
Amazon           5330    4286    4283              4132   4358    20 of 20                      |  20 of 20   0.70  0.71
Congo            1271      11      11                11     11     0 of 20                      |   0 of 20
Orinoco           984     380     380               358    447     0 of 20                      |  20 of 20   0.62  0.65
Yangtze           910     116     109               108    117     0 of 20                      |  20 of 20   0.20  0.21
Brahmaputra       613     270     248               205    499     8 of 20   <- the ties decide |   2 of 20   0.04  0.04
Mississippi       536     882     912               864    912    20 of 20                      |  20 of 20   1.55  1.56
Yenisei           577     234     239               194    325     4 of 20   <- the ties decide |   4 of 20   0.73  0.74
Parana            476     517     497               490    540    20 of 20                      |  20 of 20   0.80  0.82
Lena              526       6     163                 3    166     0 of 20                      |   7 of 20   0.44  0.44
Mekong            292     107      98                19    151     5 of 20   <- the ties decide |  11 of 20   0.68  0.74
Ob                397      38      72                19    733     2 of 20   <- the ties decide |   1 of 20   1.29  1.29
Ganges            382     270     261               248    499    20 of 20                      |  20 of 20   0.56  0.60
St Lawrence       226      85      85                85     85     0 of 20                      |   0 of 20
Amur              312      33      33                25     33     0 of 20                      |   0 of 20
Mackenzie         288     106     106               106    106     0 of 20                      |  20 of 20   0.51  0.51
Columbia          172     133     133               133    133    20 of 20                      |  20 of 20   0.21  0.21
Danube            202      47      47                47     48     0 of 20                      |  20 of 20   1.06  1.06
Niger              33       4       5                 4      5     0 of 20                      |  20 of 20   0.30  0.41
Zambezi           105      14       7                 7     16     0 of 20                      |   0 of 20
Indus              89       0       0                 0      0     0 of 20                      |  20 of 20   0.15  0.15
Rhine              73     108     108               108    108    20 of 20                      |  20 of 20   1.18  1.18
in all 20: 6 rivers; in none: 11; in some: 4

Like for like, all like basins together, the engine sheds of the measured depth: engine 0.70; mean heights 0.69; at random 0.65 to 0.73
Of the rain on land, back to the air: engine 0.7405; mean heights 0.7404; at random 0.7400 to 0.7407
Rivers reaching the sea, thousand km3 a year: engine 30.42; mean heights 30.43; at random 30.40 to 30.48
Land under lakes, %: engine 6.78; mean heights 6.77; at random 6.71 to 6.80
The Volga at Volgograd, like for like: engine: basin 1430, rain 750 mm, sheds 344; at random: alike in 20 of 20, basin 1239 to 1458, rain 734 to 758, sheds 332 to 351, back to the air 402 to 407
The lake at the Caspian's place: engine: closed, 1.12 million km2 at 76 m; mean heights: closed, 1.10 million km2 at 76 m; at random: closed in 19 of 20, overflow up to 5.12 km3 a year, 0.96 to 1.12 million km2 at 61 to 77 m; of the 1 that overflow, the water reaches the sea in 0
