Earth on 163842 cells; valley floors at the lowest 0.09 of each cell's land points; exact ties settled as the engine settles them
sea water poured: 1.33758e+18 m3, what the ocean of the relief data holds; the sea of the mesh comes to rest at +1.9 m and covers 70.75 % of the planet; 47962 land cells

1. Great rivers at their last gauging stations (flows in km3 a year, areas in thousand km2, depths in mm a year)
                           flow            |  land that drains to the gauge   | what that land sheds               | lakes on the
             measured  engine  within x2  |     real  reaches  all hollows full | measured  engine   rain  demand | way lose
Amazon           5330    4521  yes        |     4619     5914              5914 |     1154     816   2315    1656 |      303
Congo            1271       6  NO         |     3475       43                43 |      366     253   1574    1675 |        4
Orinoco           984     351  NO         |      836      554               554 |     1177     711   2087    1683 |       42
Yangtze           910     129  NO         |     1705      835              1580 |      534     192   1362    1207 |       31
Brahmaputra       613     343  yes        |      555      562               894 |     1105     649   1657    1137 |       22
Mississippi       536     483  yes        |     2896     2402              2438 |      185     211    952     934 |       25
Yenisei           577      53  NO         |     2440       92                92 |      236     581    795     220 |        0
Parana            476     478  yes        |     2346     3217              3326 |      203     157   1244    1421 |       26
Lena              526       4  NO         |     2430       32                32 |      216     130    379     260 |        0
Mekong            292      72  NO         |      545       96                96 |      536     768   2057    1638 |        2
Ob                397     596  yes        |     2430     2861              3239 |      163     242    611     500 |       96
Ganges            382     343  yes        |      952      562               894 |      401     649   1657    1137 |       22
St Lawrence       226     469  NO         |      774     1240              1240 |      292     444   1021     646 |       81
Amur              312      26  NO         |     1730      100               100 |      180     317    783     485 |        6
Mackenzie         288     115  NO         |     1660     1739              1769 |      173      87    422     407 |       37
Columbia          172     118  yes        |      614      484               887 |      280     303    702     669 |       28
Danube            202      64  NO         |      807      647               647 |      250     292    900     760 |      125
Niger              33       5  NO         |     1516      116                27 |       22      78    874    1714 |        4
Zambezi           105      11  NO         |      940      233              2016 |      112      71    920    1563 |        6
Indus              89       0  NO         |      975       95              1403 |       91       0    289    1465 |        0   no river within 150 km: the cell that the most land drains to, with every hollow full
Rhine              73      82  yes        |      180      184               184 |      406     477   1113     699 |        5
within a factor of two of the measured flow: 8 of 21
the books of every gauge close: land that reaches it x what it sheds - what lakes on the way lose - what a closed lake in the gauge's own cell keeps = the flow, to within 1.3e-05 km3 a year
and at every cell of the mesh, to within 5.8e-08 of the larger of the flow and the water shed upstream

2. Like for like: what the land of each basin sheds, on the mesh's own river at the gauge (areas in thousand km2, depths in mm a year)
             basin: real    mesh  alike  sheds: measured  engine  engine / measured   rain  demand  measured / rain  snow / rain
Amazon              4619    5284  yes               1154     828               0.72   2340    1654             0.49         0.00
Congo               3475      43  no                 366     253               0.69   1574    1675             0.23         0.00
Orinoco              836     554  no                1177     711               0.60   2087    1683             0.56         0.00
Yangtze             1705    1580  yes                534     116               0.22   1155    1141             0.46         0.01
Brahmaputra          555     723  yes               1105     256               0.23   1011     974             1.09         0.04
Mississippi         2896    2438  yes                185     208               1.13    946     931             0.20         0.09
Yenisei             2440     109  no                 236     448               1.89    686     245             0.34         0.63
Parana              2346    3109  yes                203     160               0.79   1235    1431             0.16         0.00
Lena                2430      41  no                 216      87               0.40    339     265             0.64         0.52
Mekong               545      96  no                 536     768               1.43   2057    1638             0.26         0.00
Ob                  2430    3174  yes                163     207               1.26    567     517             0.29         0.41
Ganges               952     897  yes                401     212               0.53   1020    1347             0.39         0.01
St Lawrence          774    1009  yes                292     424               1.45   1006     656             0.29         0.28
Amur                1730     100  no                 180     317               1.76    783     485             0.23         0.32
Mackenzie           1660    1686  yes                173      88               0.51    425     411             0.41         0.35
Columbia             614     514  yes                280      89               0.32    435     801             0.64         0.33
Danube               807     647  yes                250     292               1.17    900     760             0.28         0.12
Niger               1516    1135  yes                 22       8               0.37    312    1680             0.07         0.00
Zambezi              940    1940  no                 112      38               0.34    746    1566             0.15         0.00
Indus                975    1307  yes                 91      12               0.13    463    1162             0.20         0.09
Rhine                180     178  yes                406     479               1.18   1118     700             0.36         0.11
(rain: all that falls, rain and snow together; snow / rain: the share of it handed to the engine as snow, which is made from the
 month's mean temperature and not measured)
basins alike: 14 of 21. All of them together, the engine sheds 0.70 of the measured depth; basin by basin 0.13 to 1.45, 9 below 1 and 5 above; within a factor of two: 9
what that figure can bear: it is a mean weighted by water, and the Amazon carries 56 % of the weight. Without the Amazon: 0.67. The median of the basins' own ratios: 0.62
basins in which the runoff measured is more than 0.6 of the rain handed to the engine over the mesh's basin, so that the comparison tests the rain data or the basin more than what Hydrology does with rain: the Brahmaputra (rain 1011, measured runoff 1105), the Columbia (rain 435, measured runoff 280). Without them: 0.74
(the engine's depth is taken before any lake loses water, the measured one after: that favours the engine. Taken as the flow at the same
 cells, after closed hollows upstream have kept their water and lakes on the way have lost theirs: 0.62)
The Volga at Volgograd, which ends in a closed sea and is not among the gauges: basin 1360 real, 1244 on the mesh (alike)
   published for the basin: precipitation 585 mm a year, 30 % of it snow (176 mm); 53 % of the runoff in the spring flood; and three figures for the runoff that do not agree: 262 km3 of runoff, 193 mm; a runoff coefficient of 0.38, 222 mm; a water content of 250 km3, 184 mm
   on the mesh, over the land that drains through the place   precipitation of it snow  sheds  in its largest month   over the 193   over the 222   over the 184
   under the rain data                                                  747        321    345          322 (month  4)           1.79           1.55           1.88
   the rain data scaled to the published total                          585        251    225          223 (month  4)           1.17           1.01           1.22
   the published total with the published share of snow                 585        176    178          160 (month  4)           0.92           0.80           0.97
   the rain data's total with the published share of snow               747        224    287          232 (month  4)           1.49           1.29           1.56
   (the last three rows are diagnoses. Which precipitation is nearer the truth is not known here: if the published one, the excess of the
    first row comes with the rain data and with the snow made of them; if the rain data, it is the model's)

3. Where each great river leaves the land with every hollow full, against its real mouth
Amazon          354 km from its mouth, at   -1.7,   -53.0
Nile            270 km from its mouth, at   30.5,    28.4
Mississippi     295 km from its mouth, at   30.2,   -92.1
Congo           668 km from its mouth, at   -1.0,     9.0
Yangtze          60 km from its mouth, at   31.5,   121.2
Ob              586 km from its mouth, at   71.7,    72.0
Mackenzie        26 km from its mouth, at   69.1,  -134.6
Danube          579 km from its mouth, at   40.5,    26.7
Ganges          253 km from its mouth, at   24.0,    88.8
Parana           20 km from its mouth, at  -34.3,   -58.0
Niger           142 km from its mouth, at    5.5,     5.5
Lena            206 km from its mouth, at   72.8,   120.9
Yenisei         398 km from its mouth, at   71.7,    72.0
Indus            75 km from its mouth, at   24.2,    68.2
Murray           33 km from its mouth, at  -35.5,   139.3
Volga          1865 km from its mouth, at   40.5,    26.7
Zambezi         101 km from its mouth, at  -18.1,    35.7
Orinoco         244 km from its mouth, at    9.7,   -62.9
St Lawrence    1090 km from its mouth, at   40.9,   -73.9
Columbia        115 km from its mouth, at   45.2,  -123.4
Rhine            99 km from its mouth, at   51.6,     5.4
Mekong          292 km from its mouth, at   12.2,   105.0
Amur           1290 km from its mouth, at   43.3,   131.5
Huang He       1215 km from its mouth, at   43.3,   131.5
within 300 km: 15 of 24

4. The largest lakes (km2; m; km3 a year)
        area  level  outlet reaches it extra loss  runs on rain on it evaporates   lowest point at
   1,102,875     61  yes           678        658    19.74        453       1029     38.7,    49.1
     880,226    457  yes           598        358   240.08       1546       1724     -3.0,    16.5
     636,179     54  yes          4523        209  4314.32       1667       1252      0.0,   -63.0
     612,693     32  yes           613        265   347.40        493        565     43.3,    36.8
     437,843     91  yes           541         86   454.86        277        250     58.2,    68.4
     301,167    179  yes           312         58   254.23        299        224     47.5,   -86.9
     276,554      8  yes           826         57   768.76        222        170     57.3,    19.9
     253,774    208  yes           167         72    95.13        225        225     44.7,    20.4
     183,717    107  yes           164         28   135.71        142        132     50.1,   136.5
     150,490    122  yes           172         19   152.85         53         60     65.9,   125.0
     131,455    198  yes           126         22   104.07         46         63     61.2,  -115.2
     109,370    102  yes           493         20   472.96        121         82     43.6,   -78.6
(reaches it: the water that runs toward the lake, counted as if none of its ground were flooded; so it holds the rain on the lake's own
 cells less what their ground would have given the air. What rivers and shores bring = runs on + evaporates - rain on it.)
lakes larger than 100,000 km2: 12, with 54 % of all the land under lakes
The lake at the Caspian's place: 1.10 million km2 at 61 m; it overflows by 19.74 km3 a year
   rivers and shores bring it 596 km3 a year; each square metre of it gives the air 933 mm a year and gets 410 mm of rain
   the land whose water reaches it: 4.02 million km2 with the ground under the lake, 2.92 without; over the land without the lake, the water brought is 204 mm a year; it holds the Don at Voronezh
   the water that runs over crosses 4 land cells and ends in a closed lake of 21,999 km2, at 42.2, 57.1

5. The water of all the land (thousand km3 a year)
rain on land 117.2; back to the air 86.6 (0.738 of the rain); rivers reaching the sea 30.7
shed by the land as if none of it were flooded 34.2 (0.708 of the rain back to the air); lakes with an outlet lose 3.05 more than the ground they cover; closed lakes keep 0.49
land whose water reaches the sea as the water runs: 71.5 %; land that drains into a closed hollow (depression_id above 0): 62.0 %; land under water if every hollow were full: 10.5 %, and another 3.5 % exactly level with that water
the air's demand for water over land 1004 mm a year; rain 786 mm; back to the air 580 mm; lakes cover 6.26 % of the land: 557 lakes, 444 with an outlet

6. Narrows (the lowest way through the valley, on the heights Drainage was handed), and where the water goes instead
Congo        the valley rises to 518 m, at -3.5, 15.7; the lake above it stands at 457 m and overflows by another way
             its water leaves the land at -1.0, 9.0; the highest cell on its way, by mean height: 526 m at -1.0, 14.1, handed to Drainage at 457 m
Danube       the valley rises to 208 m, at 43.9, 22.2; the lake above it stands at 208 m and overflows, and the valley stands no higher than its water
             its water leaves the land at 40.5, 26.7; the highest cell on its way, by mean height: 424 m at 43.9, 21.5, handed to Drainage at 157 m
Lena         the valley rises to 137 m, at 71.5, 125.7; the lake above it stands at 122 m and overflows by another way
             its water leaves the land at 72.8, 120.9; the highest cell on its way, by mean height: 164 m at 70.5, 122.1, handed to Drainage at 122 m
St Lawrence  the valley rises to 204 m, at 47.4, -69.9; the lake above it stands at 102 m and overflows by another way
             its water leaves the land at 40.9, -73.9; the highest cell on its way, by mean height: 335 m at 43.5, -74.0, handed to Drainage at 102 m
Amur         the valley rises to 137 m, at 53.1, 136.0; the lake above it stands at 107 m and overflows by another way
             its water leaves the land at 43.3, 131.5; the highest cell on its way, by mean height: 246 m at 47.5, 134.8, handed to Drainage at 91 m
Yangtze      the valley rises to 762 m, at 29.8, 109.4; the lake above it stands at 366 m and keeps its water

7. What the ties decide: the engine's way of settling them, the cells' mean heights, and 20 settlements at random
   (a random settlement draws the width of every way, the order of the cells, which of several passes of one height is taken,
    and the order in which level ground is drained)

River mouths within 300 km, of 24: engine 15; mean heights 14; at random 13 to 16
              engine    mean   at random: from     to   within 300 km in
Amazon           354     354               354    354     0 of 20
Nile             270     270               121    270    20 of 20
Mississippi      295     241               241    295    20 of 20
Congo            668     668               374    668     0 of 20
Yangtze           60     350                60    787    12 of 20   <- the ties decide
Ob               586     581               581    631     0 of 20
Mackenzie         26      83                26     83    20 of 20
Danube           579     579               579    579     0 of 20
Ganges           253     277               253    277    20 of 20
Parana            20      20                20     20    20 of 20
Niger            142      78                78    260    20 of 20
Lena             206     206               206    302    13 of 20   <- the ties decide
Yenisei          398     343               294    398     1 of 20   <- the ties decide
Indus             75      75                75     75    20 of 20
Murray            33      33                33     33    20 of 20
Volga           1865    1865              1865   1865     0 of 20
Zambezi          101     101               101    101    20 of 20
Orinoco          244     192               192    244    20 of 20
St Lawrence     1090    1090              1090   1090     0 of 20
Columbia         115     115               115    115    20 of 20
Rhine             99      99                99     99    20 of 20
Mekong           292     292               292    292    20 of 20
Amur            1290    1290              1290   1290     0 of 20
Huang He        1215    1215               203   1215    13 of 20   <- the ties decide
in all 20: 13 rivers; in none: 7; in some: 4

Gauges within a factor of two, of 21: engine 8; mean heights 6; at random 6 to 9
             measured  engine    mean   at random: from     to   within x2 in    | like for like: alike in, engine / measured from, to
Amazon           5330    4521    4335              4092   4530    20 of 20                      |  20 of 20   0.70  0.72
Congo            1271       6       7                 5      7     0 of 20                      |   0 of 20
Orinoco           984     351     371               347    602     2 of 20   <- the ties decide |  19 of 20   0.60  0.72
Yangtze           910     129     121               118    128     0 of 20                      |  20 of 20   0.21  0.22
Brahmaputra       613     343     250               243    333     2 of 20   <- the ties decide |   8 of 20   0.22  0.25
Mississippi       536     483     481               474    738    20 of 20                      |  20 of 20   1.12  1.37
Yenisei           577      53     267                47    818     2 of 20   <- the ties decide |   7 of 20   0.60  0.67
Parana            476     478     478               473    503    20 of 20                      |  20 of 20   0.77  0.92
Lena              526       4       4                 3    154     0 of 20                      |   7 of 20   0.42  0.42
Mekong            292      72      26                25     86     0 of 20                      |   0 of 20
Ob                397     596     121                28    588     1 of 20   <- the ties decide |   1 of 20   1.27  1.27
Ganges            382     343     250               243    333    20 of 20                      |  20 of 20   0.56  0.99
St Lawrence       226     469     470               215    470    11 of 20   <- the ties decide |   9 of 20   1.45  1.45
Amur              312      26      28                25     28     0 of 20                      |   0 of 20
Mackenzie         288     115     115               115    116     0 of 20                      |  20 of 20   0.50  0.51
Columbia          172     118     118               118    118    20 of 20                      |  20 of 20   0.32  0.32
Danube            202      64      64                64     65     0 of 20                      |  20 of 20   1.17  1.17
Niger              33       5       6                 3      6     0 of 20                      |  20 of 20   0.34  0.46
Zambezi           105      11      11                11     11     0 of 20                      |   0 of 20
Indus              89       0       0                 0      0     0 of 20                      |  20 of 20   0.13  0.16
Rhine              73      82      80                80     82    20 of 20                      |  20 of 20   1.18  1.18
in all 20: 6 rivers; in none: 10; in some: 5

Like for like, all like basins together, the engine sheds of the measured depth: engine 0.70; mean heights 0.70; at random 0.66 to 0.71
Of the rain on land, back to the air: engine 0.7384; mean heights 0.7384; at random 0.7376 to 0.7384
Rivers reaching the sea, thousand km3 a year: engine 30.67; mean heights 30.67; at random 30.67 to 30.76
Land under lakes, %: engine 6.26; mean heights 6.26; at random 6.19 to 6.27
The Volga at Volgograd, like for like: engine: basin 1244, rain 747 mm, sheds 345; at random: alike in 20 of 20, basin 1061 to 1360, rain 721 to 755, sheds 325 to 352, back to the air 395 to 403
The lake at the Caspian's place: engine: overflows by 19.74 km3 a year, 1.10 million km2 at 61 m; mean heights: overflows by 22.58 km3 a year, 1.10 million km2 at 61 m; at random: closed in 7 of 20, overflow up to 24.81 km3 a year, 0.98 to 1.10 million km2 at 38 to 61 m; of the 13 that overflow, the water reaches the sea in 0
