The Parana on the mesh with every hollow full, from -25.3, -57.6; its real mouth: -34.5, -58.0
        lat     lon  handed in at  mean height  step   lake level  km to mouth   the data there: height, joined to the ocean at
   0  -25.1   -57.6          91 m        115 m  level                     1043   91 m, 91 m
   1  -25.2   -58.1          91 m         91 m  down                      1035   91 m, 91 m
   2  -25.3   -58.7          61 m         76 m  level                     1030   76 m, 76 m
   3  -25.8   -58.9          61 m         62 m  level                      976   61 m, 61 m
   4  -26.2   -58.7          61 m         61 m  level                      924   61 m, 61 m
   5  -26.7   -58.4          61 m         61 m  level                      872   61 m, 61 m
   6  -27.2   -58.7          61 m         61 m  level                      817   61 m, 61 m
   7  -27.7   -58.9          61 m         61 m  level                      763   61 m, 61 m
   8  -28.2   -59.2          61 m         61 m  down                       711   61 m, 61 m
   9  -28.7   -59.5          45 m         59 m  down                       660   61 m, 61 m
  10  -29.2   -59.2          30 m         52 m  level                      605   61 m, 61 m
  11  -29.7   -59.5          30 m         32 m  level                      556   30 m, 61 m
  12  -30.2   -59.8          30 m         30 m  level                      510   30 m, 61 m
  13  -30.7   -60.1          30 m         31 m  level                      468   30 m, 61 m
  14  -31.1   -59.8          30 m         49 m  level                      411   46 m, 61 m
  15  -31.6   -60.0          30 m         51 m  level                      368   61 m, 61 m
  16  -32.1   -60.1          30 m         59 m  down                       330   61 m, 61 m
  17  -32.6   -60.3          15 m         20 m  lake         15 m          298   15 m, 15 m
  18  -33.1   -59.9           7 m          9 m  lake         15 m          236   0 m, 0 m
  19  -33.5   -59.5           7 m          7 m  lake         15 m          174   0 m, 0 m
  20  -33.9   -59.0           8 m          5 m  lake         15 m          113   0 m, 0 m
  21  -34.4   -58.6          15 m          1 m  lake         15 m           55   -10 m, 0 m
  22  -34.3   -58.0          15 m         10 m  down                        20   15 m, 15 m
  23  -34.8   -57.5          -1 m         -1 m  sea                         50   0 m, 0 m
23 land cells: 5 steps down to lower ground, 13 over level ground, 5 across full hollows; nearest to its real mouth: 20 km; leaves the land 20 km from it
