The Volga on the mesh with every hollow full, from 55.8, 49.1; its real mouth: 46.0, 48.5
        lat     lon  handed in at  mean height  step   lake level  km to mouth   the data there: height, joined to the ocean at
   0   55.6    49.4          61 m         71 m  lake         62 m         1067   61 m, 91 m
   1   55.1    48.8          61 m         99 m  lake         62 m         1016   122 m, 122 m
   2   54.7    48.2          61 m        132 m  lake         62 m          967   152 m, 152 m
   3   54.1    48.5          61 m        125 m  lake         62 m          906   122 m, 122 m
   4   53.6    48.8          61 m         88 m  lake         62 m          845   69 m, 91 m
   5   53.2    48.2          45 m        110 m  lake         62 m          796   61 m, 91 m
   6   52.6    48.6          30 m         53 m  lake         62 m          735   61 m, 91 m
   7   52.2    48.0          30 m         59 m  lake         62 m          687   30 m, 91 m
   8   51.7    47.4          30 m         49 m  lake         62 m          642   61 m, 91 m
   9   51.2    47.7          45 m         57 m  lake         62 m          579   61 m, 91 m
  10   50.7    47.2          30 m         37 m  lake         62 m          536   30 m, 91 m
  11   50.3    46.6          30 m         30 m  lake         62 m          496   30 m, 91 m
  12   49.8    46.0          30 m         30 m  lake         62 m          462   30 m, 91 m
  13   49.3    45.5          30 m         30 m  lake         62 m          435   30 m, 91 m
  14   48.9    44.9          15 m         19 m  lake         62 m          417   0 m, 91 m
  15   48.4    44.4          15 m         50 m  lake         62 m          408   30 m, 91 m
  16   48.5    43.5          61 m         94 m  lake         62 m          464   76 m, 91 m
  17   48.5    42.6          30 m         89 m  lake         62 m          522   122 m, 122 m
  18   48.0    42.1          45 m         77 m  lake         62 m          532   106 m, 106 m
  19   47.5    41.6          61 m         86 m  lake         62 m          550   46 m, 91 m
  20   47.6    40.8          61 m         90 m  lake         62 m          614   76 m, 91 m
  21   47.6    39.9          62 m        103 m  down                       678   106 m, 106 m
  22   47.1    39.4          11 m         34 m  lake         32 m          704   23 m, 23 m
  23   46.6    39.0          22 m         34 m  lake         32 m          734   31 m, 31 m
  24   46.2    38.5           7 m         14 m  lake         32 m          768   19 m, 19 m
  25   46.2    37.7           2 m        -13 m  lake         32 m          833   -18 m, 2 m
  26   46.2    36.9         -11 m        -11 m  lake         32 m          897   -10 m, 2 m
  27   46.2    36.0          -2 m         -2 m  lake         32 m          963   -3 m, 2 m
  28   45.7    35.6          -5 m         -5 m  lake         32 m         1000   -2 m, 2 m
  29   45.7    34.7           8 m          3 m  lake         32 m         1066   8 m, 8 m
  30   45.7    33.9          10 m         36 m  lake         32 m         1130   34 m, 34 m
  31   45.7    33.1           3 m         22 m  lake         32 m         1195   69 m, 69 m
  32   45.6    32.2         -34 m        -34 m  lake         32 m         1260   -36 m, 2 m
  33   45.1    31.8         -68 m        -68 m  lake         32 m         1298   -63 m, 2 m
  34   44.6    31.5        -221 m       -221 m  lake         32 m         1338   -103 m, 2 m
  35   44.1    31.1        -432 m       -432 m  lake         32 m         1381   -324 m, 2 m
  36   43.6    30.7        -983 m       -983 m  lake         32 m         1424   -999 m, 2 m
  37   43.1    30.3       -1720 m      -1720 m  lake         32 m         1469   -1707 m, 2 m
  38   42.6    30.0       -2090 m      -2090 m  lake         32 m         1516   -2108 m, 2 m
  39   42.1    29.6       -2040 m      -2040 m  lake         32 m         1563   -2104 m, 2 m
  40   41.6    29.3        -972 m       -972 m  lake         32 m         1611   -1125 m, 2 m
  41   41.1    29.0           2 m        -68 m  lake         32 m         1661   2 m, 2 m
  42   41.1    28.2           2 m       -195 m  lake         32 m         1722   0 m, 0 m
  43   40.6    28.0           5 m       -122 m  lake         32 m         1762   -113 m, ocean
  44   40.5    27.3          32 m         -6 m  lake         32 m         1814   -2 m, ocean
  45   40.5    26.7          21 m         59 m  down                      1865   -37 m, ocean
  46   40.4    26.0        -193 m       -193 m  sea                       1917   -413 m, ocean
46 land cells: 2 steps down to lower ground, 0 over level ground, 44 across full hollows; nearest to its real mouth: 408 km; leaves the land 1865 km from it
