249 refusals are written in the code of src/worldengine; 6 raises pass on words made elsewhere
step 1: the tests are run once, to see which refusals each one reaches ...
step 2: other words are written in the place of each refusal that a test reached, and those tests are run ...
   causes.py:123                          held   (3 of 3 tests run)
   causes.py:126                          held   (2 of 2 tests run)
   cli.py:32                              held   (1 of 1 tests run)
   console.py:41                          held   (2 of 2 tests run)
   console.py:43                          held   (5 of 5 tests run)
   console.py:54                          held   (2 of 2 tests run)
   console.py:56                          held   (2 of 2 tests run)
   draws.py:64                            held   (1 of 1 tests run)
   draws.py:69                            held   (1 of 1 tests run)
   engine.py:43                           held   (2 of 2 tests run)
   engine.py:57                           held   (1 of 1 tests run)
   engine.py:161                          held   (1 of 1 tests run)
   engine.py:165                          held   (1 of 1 tests run)
   engine.py:172                          held   (1 of 1 tests run)
   engine.py:181                          held   (1 of 1 tests run)
   engine.py:189                          held   (1 of 1 tests run)
   engine.py:199                          held   (1 of 1 tests run)
   engine.py:205                          held   (1 of 1 tests run)
   engine.py:207                          held   (1 of 1 tests run)
   engine.py:209                          held   (1 of 1 tests run)
   engine.py:215                          held   (1 of 1 tests run)
   engine.py:221                          held   (1 of 1 tests run)
   engine.py:233                          held   (1 of 1 tests run)
   engine.py:241                          held   (1 of 1 tests run)
   engine.py:243                          held   (1 of 1 tests run)
   engine.py:247                          held   (1 of 1 tests run)
   engine.py:259                          held   (1 of 1 tests run)
   engine.py:264                          held   (1 of 1 tests run)
   engine.py:276                          held   (1 of 1 tests run)
   engine.py:291                          held   (1 of 1 tests run)
   engine.py:305                          held   (1 of 1 tests run)
   engine.py:308                          held   (1 of 1 tests run)
   engine.py:311                          held   (1 of 1 tests run)
   engine.py:372                          held   (1 of 1 tests run)
   engine.py:374                          held   (1 of 1 tests run)
   engine.py:383                          held   (1 of 1 tests run)
   engine.py:389                          held   (1 of 1 tests run)
   engine.py:391                          held   (1 of 1 tests run)
   engine.py:393                          held   (1 of 1 tests run)
   engine.py:398                          held   (1 of 1 tests run)
   engine.py:402                          held   (1 of 1 tests run)
   engine.py:405                          held   (1 of 1 tests run)
   engine.py:417                          held   (1 of 1 tests run)
   engine.py:424                          held   (2 of 2 tests run)
   engine.py:434                          held   (1 of 1 tests run)
   engine.py:436                          held   (1 of 1 tests run)
   engine.py:438                          held   (1 of 1 tests run)
   engine.py:441                          held   (1 of 1 tests run)
   engine.py:445                          held   (1 of 1 tests run)
   engine.py:447                          held   (1 of 1 tests run)
   engine.py:449                          held   (1 of 1 tests run)
   engine.py:452                          held   (1 of 1 tests run)
   engine.py:464                          held   (1 of 1 tests run)
   engine.py:478                          held   (2 of 2 tests run)
   engine.py:480                          held   (1 of 1 tests run)
   engine.py:540                          held   (1 of 1 tests run)
   engine.py:553                          held   (2 of 2 tests run)
   engine.py:558                          held   (5 of 5 tests run)
   engine.py:563                          held   (1 of 1 tests run)
   engine.py:570                          held   (3 of 3 tests run)
   engine.py:573                          held   (1 of 1 tests run)
   engine.py:958                          held   (1 of 1 tests run)
   engine.py:962                          held   (1 of 1 tests run)
   engine.py:1053                         held   (1 of 1 tests run)
   fields.py:56                           held   (1 of 1 tests run)
   fields.py:69                           held   (1 of 1 tests run)
   fields.py:71                           held   (1 of 1 tests run)
   fields.py:73                           held   (1 of 1 tests run)
   fields.py:75                           held   (1 of 1 tests run)
   fields.py:79                           held   (1 of 1 tests run)
   fields.py:82                           held   (2 of 2 tests run)
   fields.py:143                          held   (1 of 1 tests run)
   fields.py:146                          held   (1 of 1 tests run)
   fields.py:148                          held   (1 of 1 tests run)
   fields.py:152                          held   (1 of 1 tests run)
   fields.py:156                          held   (1 of 1 tests run)
   fields.py:158                          held   (2 of 2 tests run)
   fields.py:160                          held   (1 of 1 tests run)
   fields.py:162                          held   (1 of 1 tests run)
   fields.py:166                          held   (3 of 3 tests run)
   fields.py:169                          held   (1 of 1 tests run)
   fields.py:171                          held   (1 of 1 tests run)
   fields.py:173                          held   (1 of 1 tests run)
   fields.py:181                          held   (1 of 1 tests run)
   fields.py:183                          held   (1 of 1 tests run)
   interventions.py:83                    held   (2 of 2 tests run)
   interventions.py:87                    held   (1 of 1 tests run)
   interventions.py:89                    held   (1 of 1 tests run)
   interventions.py:92                    held   (2 of 2 tests run)
   interventions.py:94                    held   (1 of 1 tests run)
   interventions.py:122                   held   (1 of 1 tests run)
   interventions.py:124                   held   (1 of 1 tests run)
   interventions.py:130                   held   (1 of 1 tests run)
   interventions.py:132                   held   (1 of 1 tests run)
   interventions.py:134                   held   (3 of 3 tests run)
   interventions.py:148                   held   (2 of 2 tests run)
   interventions.py:151                   held   (1 of 1 tests run)
   interventions.py:162                   held   (1 of 1 tests run)
   interventions.py:168                   held   (2 of 2 tests run)
   interventions.py:172                   held   (1 of 1 tests run)
   interventions.py:174                   held   (1 of 1 tests run)
   interventions.py:176                   held   (8 of 8 tests run)
   interventions.py:180                   held   (1 of 1 tests run)
   interventions.py:184                   held   (2 of 2 tests run)
   interventions.py:187                   held   (2 of 2 tests run)
   interventions.py:192                   held   (1 of 1 tests run)
   interventions.py:203                   held   (2 of 2 tests run)
   interventions.py:218                   held   (2 of 2 tests run)
   interventions.py:224                   held   (1 of 1 tests run)
   interventions.py:226                   held   (2 of 2 tests run)
   interventions.py:228                   held   (1 of 1 tests run)
   interventions.py:231                   held   (1 of 1 tests run)
   interventions.py:233                   held   (1 of 1 tests run)
   interventions.py:235                   held   (1 of 1 tests run)
   interventions.py:239                   held   (1 of 1 tests run)
   interventions.py:242                   held   (1 of 1 tests run)
   interventions.py:244                   held   (1 of 1 tests run)
   interventions.py:246                   held   (2 of 2 tests run)
   interventions.py:248                   held   (1 of 1 tests run)
   interventions.py:263                   held   (1 of 1 tests run)
   interventions.py:265                   held   (2 of 2 tests run)
   interventions.py:372                   held   (1 of 1 tests run)
   interventions.py:405                   held   (1 of 1 tests run)
   interventions.py:408                   held   (1 of 1 tests run)
   interventions.py:413                   held   (1 of 1 tests run)
   interventions.py:416                   held   (1 of 1 tests run)
   interventions.py:420                   held   (1 of 1 tests run)
   interventions.py:422                   held   (1 of 1 tests run)
   interventions.py:425                   held   (2 of 2 tests run)
   interventions.py:447                   held   (1 of 1 tests run)
   library/drainage.py:322                held   (1 of 1 tests run)
   library/drainage.py:548                held   (1 of 1 tests run)
   library/drainage.py:559                held   (1 of 1 tests run)
   library/drainage.py:573                held   (1 of 1 tests run)
   library/lakes.py:80                    held   (51 of 51 tests run)
   library/lakes.py:85                    held   (1 of 1 tests run)
   library/lakes.py:96                    held   (2 of 2 tests run)
   library/lakes.py:100                   held   (1 of 1 tests run)
   library/lakes.py:106                   held   (2 of 2 tests run)
   library/lakes.py:109                   held   (1 of 1 tests run)
   library/lakes.py:113                   held   (1 of 1 tests run)
   library/lakes.py:117                   held   (2 of 2 tests run)
   library/lakes.py:122                   held   (3 of 3 tests run)
   library/lakes.py:124                   held   (1 of 1 tests run)
   library/lakes.py:126                   held   (2 of 2 tests run)
   library/lakes.py:129                   held   (3 of 3 tests run)
   library/lakes.py:133                   held   (1 of 1 tests run)
   library/lakes.py:138                   held   (3 of 3 tests run)
   library/lakes.py:143                   held   (3 of 3 tests run)
   library/lakes.py:147                   held   (1 of 1 tests run)
   library/lakes.py:151                   held   (1 of 1 tests run)
   library/lakes.py:157                   held   (1 of 1 tests run)
   library/lakes.py:161                   held   (4 of 4 tests run)
   library/lakes.py:163                   held   (2 of 2 tests run)
   library/lakes.py:167                   held   (2 of 2 tests run)
   library/lakes.py:170                   held   (2 of 2 tests run)
   library/lakes.py:186                   held   (2 of 2 tests run)
   library/lakes.py:198                   held   (1 of 1 tests run)
   library/lakes.py:201                   held   (1 of 1 tests run)
   library/lakes.py:203                   held   (1 of 1 tests run)
   library/lakes.py:205                   held   (1 of 1 tests run)
   library/lakes.py:213                   held   (4 of 4 tests run)
   library/lakes.py:222                   held   (2 of 2 tests run)
   library/lakes.py:239                   held   (1 of 1 tests run)
   library/operators.py:199               held   (1 of 1 tests run)
   mesh.py:105                            held   (1 of 1 tests run)
   params.py:39                           held   (2 of 2 tests run)
   params.py:42                           held   (4 of 4 tests run)
   params.py:45                           held   (2 of 2 tests run)
   params.py:48                           held   (2 of 2 tests run)
   params.py:51                           held   (2 of 2 tests run)
   params.py:56                           held   (8 of 8 tests run)
   params.py:59                           held   (2 of 2 tests run)
   params.py:61                           held   (2 of 2 tests run)
   params.py:64                           held   (2 of 2 tests run)
   params.py:67                           held   (1 of 1 tests run)
   params.py:70                           held   (3 of 3 tests run)
   params.py:75                           held   (1 of 1 tests run)
   params.py:80                           held   (2 of 2 tests run)
   params.py:83                           held   (1 of 1 tests run)
   params.py:89                           held   (1 of 1 tests run)
   params.py:98                           held   (1 of 1 tests run)
   params.py:100                          held   (1 of 1 tests run)
   params.py:149                          held   (3 of 3 tests run)
   params.py:156                          held   (1 of 1 tests run)
   params.py:207                          held   (1 of 1 tests run)
   params.py:221                          held   (1 of 1 tests run)
   processes/relief_from_file.py:42       held   (1 of 1 tests run)
   processes/relief_from_file.py:50       held   (1 of 1 tests run)
   processes/relief_from_file.py:53       held   (1 of 1 tests run)
   scheduler.py:102                       held   (1 of 1 tests run)
   scheduler.py:105                       held   (1 of 1 tests run)
   scheduler.py:110                       held   (1 of 1 tests run)
   scheduler.py:113                       held   (1 of 1 tests run)
   scheduler.py:118                       held   (1 of 1 tests run)
   scheduler.py:121                       held   (1 of 1 tests run)
   scheduler.py:125                       held   (1 of 1 tests run)
   scheduler.py:129                       held   (1 of 1 tests run)
   scheduler.py:133                       held   (1 of 1 tests run)
   scheduler.py:135                       held   (1 of 1 tests run)
   scheduler.py:147                       held   (1 of 1 tests run)
   scheduler.py:149                       held   (1 of 1 tests run)
   scheduler.py:170                       held   (1 of 1 tests run)
   scheduler.py:173                       held   (1 of 1 tests run)
   scheduler.py:176                       held   (1 of 1 tests run)
   scheduler.py:182                       held   (1 of 1 tests run)
   scheduler.py:189                       held   (1 of 1 tests run)
   scheduler.py:192                       held   (1 of 1 tests run)
   scheduler.py:195                       held   (2 of 2 tests run)
   scheduler.py:199                       held   (1 of 1 tests run)
   scheduler.py:202                       held   (3 of 3 tests run)
   scheduler.py:206                       held   (1 of 1 tests run)
   scheduler.py:212                       held   (1 of 1 tests run)
   scheduler.py:215                       held   (1 of 1 tests run)
   scheduler.py:218                       held   (1 of 1 tests run)
   scheduler.py:225                       held   (2 of 2 tests run)
   scheduler.py:229                       held   (1 of 1 tests run)
   scheduler.py:231                       held   (1 of 1 tests run)
   scheduler.py:240                       held   (1 of 1 tests run)
   scheduler.py:242                       held   (1 of 1 tests run)
   scheduler.py:244                       held   (2 of 2 tests run)
   scheduler.py:246                       held   (1 of 1 tests run)
   scheduler.py:248                       held   (1 of 1 tests run)
   scheduler.py:251                       held   (1 of 1 tests run)
   scheduler.py:257                       held   (1 of 1 tests run)
   scheduler.py:264                       held   (1 of 1 tests run)
   scheduler.py:267                       held   (1 of 1 tests run)
   scheduler.py:273                       held   (1 of 1 tests run)
   scheduler.py:276                       held   (1 of 1 tests run)
   scheduler.py:284                       held   (1 of 1 tests run)
   scheduler.py:289                       held   (1 of 1 tests run)
   scheduler.py:291                       held   (1 of 1 tests run)
   scheduler.py:316                       held   (3 of 3 tests run)
   server.py:58                           held   (2 of 2 tests run)
   server.py:108                          held   (1 of 1 tests run)
   server.py:144                          held   (2 of 2 tests run)
   server.py:175                          held   (1 of 1 tests run)
   server.py:179                          held   (1 of 1 tests run)
   store.py:146                           held   (2 of 2 tests run)
   store.py:176                           held   (1 of 1 tests run)
   store.py:291                           held   (1 of 1 tests run)
   testing.py:35                          held   (1 of 1 tests run)
   testing.py:83                          held   (1 of 1 tests run)
   testing.py:88                          held   (1 of 1 tests run)
   testing.py:98                          held   (1 of 1 tests run)
   testing.py:108                         held   (1 of 1 tests run)
   testing.py:138                         held   (1 of 1 tests run)
   testing.py:161                         held   (1 of 1 tests run)
   testing.py:165                         held   (1 of 1 tests run)

no test reaches 0 of the 249 refusals

a test reaches 0 more whose words no test holds

held by a test: 249 of 249
