The Ob on the mesh with every hollow full, from 55.0, 83.0; its real mouth: 66.5, 69.0
        lat     lon  handed in at  mean height  step   lake level  km to mouth   the data there: height, joined to the ocean at
   0   55.1    82.9         122 m        151 m  down                      1466   152 m, 152 m
   1   55.7    83.1         106 m        131 m  down                      1413   152 m, 152 m
   2   56.3    83.3          98 m        117 m  down                      1360   122 m, 122 m
   3   56.5    84.2          91 m        102 m  lake         91 m         1367   122 m, 122 m
   4   57.1    84.4          84 m         95 m  lake         91 m         1318   91 m, 91 m
   5   57.4    83.6          91 m         91 m  lake         91 m         1258   91 m, 91 m
   6   57.8    82.8          76 m         86 m  lake         91 m         1198   91 m, 91 m
   7   58.2    82.0          61 m         84 m  lake         91 m         1139   76 m, 91 m
   8   58.8    82.2          61 m         65 m  lake         91 m         1088   61 m, 91 m
   9   59.1    81.4          61 m         80 m  lake         91 m         1029   91 m, 91 m
  10   59.5    80.5          91 m         91 m  lake         91 m          969   91 m, 91 m
  11   59.8    79.6          61 m         71 m  lake         91 m          910   61 m, 91 m
  12   60.2    78.7          61 m         81 m  lake         91 m          852   91 m, 91 m
  13   60.4    77.8          91 m         91 m  lake         91 m          803   91 m, 91 m
  14   60.7    76.9          91 m         91 m  lake         91 m          756   91 m, 91 m
  15   60.9    75.9          91 m         91 m  lake         91 m          710   91 m, 91 m
  16   61.1    75.0          91 m         91 m  lake         91 m          665   91 m, 91 m
  17   61.3    74.0          91 m         91 m  lake         91 m          623   91 m, 91 m
  18   61.5    73.0          91 m         91 m  lake         91 m          584   91 m, 91 m
  19   61.8    72.0          91 m         91 m  lake         91 m          548   91 m, 91 m
  20   62.2    72.0          91 m         91 m  lake         91 m          494   91 m, 91 m
  21   62.7    72.0          91 m         91 m  lake         91 m          441   91 m, 91 m
  22   63.0    70.9          61 m         86 m  lake         91 m          396   91 m, 91 m
  23   63.5    70.9          61 m         79 m  lake         91 m          342   91 m, 91 m
  24   63.8    69.8          61 m         75 m  lake         91 m          301   91 m, 91 m
  25   64.1    68.7          91 m         91 m  lake         91 m          268   91 m, 91 m
  26   64.4    67.6          76 m         95 m  lake         91 m          246   91 m, 91 m
  27   64.9    67.5          61 m         83 m  lake         91 m          195   61 m, 91 m
  28   65.4    67.4          91 m         91 m  lake         91 m          146   91 m, 91 m
  29   65.9    67.3          61 m         87 m  down                       104   91 m, 91 m
  30   66.4    67.2          30 m         35 m  lake         30 m           80   30 m, 61 m
  31   66.9    67.1          30 m         86 m  lake         30 m           91   30 m, 61 m
  32   67.1    68.3          30 m         51 m  lake         30 m           71   45 m, 61 m
  33   67.3    69.5          30 m         52 m  lake         30 m           92   61 m, 61 m
  34   67.8    69.5          30 m         54 m  lake         30 m          145   61 m, 61 m
  35   68.0    70.7          30 m         38 m  lake         30 m          182   30 m, 30 m
  36   68.2    72.0          30 m         39 m  lake         30 m          228   30 m, 30 m
  37   68.7    72.0          30 m         41 m  lake         30 m          275   30 m, 30 m
  38   69.2    72.0          30 m         36 m  lake         30 m          324   30 m, 30 m
  39   69.7    72.0          23 m         36 m  lake         30 m          375   30 m, 30 m
  40   70.2    72.0          30 m         41 m  lake         30 m          427   61 m, 61 m
  41   70.7    72.0          30 m         44 m  lake         30 m          480   61 m, 61 m
  42   71.2    72.0          30 m         33 m  level                      533   30 m, 30 m
  43   71.7    72.0          30 m         19 m  down                       586   0 m, 0 m
  44   72.0    73.5          -0 m         -0 m  sea                        633   -9 m, ocean
44 land cells: 5 steps down to lower ground, 1 over level ground, 38 across full hollows; nearest to its real mouth: 71 km; leaves the land 586 km from it
