The Mackenzie on the mesh with every hollow full, from 61.9, -121.4; its real mouth: 69.0, -134.0
        lat     lon  handed in at  mean height  step   lake level  km to mouth   the data there: height, joined to the ocean at
   0   61.8  -121.3         152 m        185 m  lake        198 m          992   183 m, 183 m
   1   62.2  -122.0         152 m        248 m  lake        198 m          930   198 m, 198 m
   2   62.7  -122.8         152 m        319 m  lake        198 m          867   335 m, 335 m
   3   63.0  -123.7         162 m        358 m  lake        198 m          813   457 m, 457 m
   4   63.5  -123.3         198 m        453 m  lake        198 m          778   427 m, 442 m
   5   63.8  -124.2         168 m        336 m  down                       723   236 m, 236 m
   6   64.1  -125.1         152 m        317 m  down                       668   457 m, 457 m
   7   64.6  -124.7         107 m        266 m  lake        137 m          633   229 m, 229 m
   8   64.9  -125.7         107 m        178 m  lake        137 m          578   107 m, 152 m
   9   65.3  -126.6           5 m        261 m  lake        137 m          523   118 m, 152 m
  10   65.6  -127.6          91 m        203 m  lake        137 m          468   220 m, 220 m
  11   66.1  -127.3          85 m        246 m  lake        137 m          433   450 m, 450 m
  12   66.4  -128.3          76 m        139 m  lake        137 m          377   129 m, 152 m
  13   66.7  -129.4          91 m        142 m  lake        137 m          323   122 m, 152 m
  14   67.0  -130.4         122 m        179 m  lake        137 m          269   152 m, 152 m
  15   67.3  -131.5         137 m        210 m  lake        137 m          217   290 m, 290 m
  16   67.6  -132.7         122 m        161 m  down                       169   198 m, 198 m
  17   67.8  -133.8         107 m        124 m  down                       130   122 m, 122 m
  18   68.3  -133.6          91 m        125 m  down                        76   122 m, 122 m
  19   68.6  -134.8          69 m         88 m  down                        56   91 m, 91 m
  20   69.1  -134.6          22 m         53 m  down                        26   -10 m, 15 m
  21   69.6  -134.4          -2 m         -2 m  sea                         66   0 m, 0 m
21 land cells: 7 steps down to lower ground, 0 over level ground, 14 across full hollows; nearest to its real mouth: 26 km; leaves the land 26 km from it
