The Huang He on the mesh with every hollow full, from 36.1, 103.8; its real mouth: 37.8, 119.0
        lat     lon  handed in at  mean height  step   lake level  km to mouth   the data there: height, joined to the ocean at
   0   36.0   104.1        2133 m       2227 m  down                      1339   2133 m, 2133 m
   1   36.4   103.7        1570 m       1891 m  lake       1615 m         1363   1905 m, 1905 m
   2   36.5   104.3        1615 m       1947 m  down                      1308   2111 m, 2111 m
   3   36.9   104.7        1372 m       1735 m  lake       1524 m         1268   1662 m, 1699 m
   4   37.4   105.0        1524 m       1579 m  lake       1524 m         1231   1600 m, 1600 m
   5   37.9   105.4        1433 m       1508 m  down                      1195   1524 m, 1524 m
   6   38.4   105.7        1151 m       1442 m  lake       1265 m         1161   1371 m, 1371 m
   7   38.9   106.1        1158 m       1305 m  lake       1265 m         1130   1295 m, 1333 m
   8   39.4   106.5        1219 m       1355 m  lake       1265 m         1102   1287 m, 1333 m
   9   39.9   106.1        1265 m       1329 m  down                      1141   1311 m, 1311 m
  10   40.4   106.4        1219 m       1226 m  lake       1219 m         1119   1219 m, 1219 m
  11   40.8   106.8        1219 m       1222 m  lake       1219 m         1099   1219 m, 1219 m
  12   41.3   107.2        1219 m       1271 m  lake       1219 m         1083   1432 m, 1432 m
  13   41.8   107.6        1219 m       1370 m  lake       1219 m         1070   1372 m, 1372 m
  14   42.3   108.0        1219 m       1225 m  lake       1219 m         1061   1219 m, 1219 m
  15   42.8   108.4        1219 m       1221 m  lake       1219 m         1055   1219 m, 1219 m
  16   43.3   108.8         991 m       1146 m  down                      1054   1135 m, 1135 m
  17   43.8   109.2         853 m        927 m  lake        930 m         1056   884 m, 945 m
  18   44.2   109.7         853 m        889 m  lake        930 m         1061   853 m, 945 m
  19   44.7   110.1         884 m        910 m  lake        930 m         1070   914 m, 945 m
  20   45.2   110.5         914 m        964 m  lake        930 m         1084   1021 m, 1021 m
  21   45.2   111.3         914 m        988 m  lake        930 m         1038   1082 m, 1082 m
  22   45.6   111.8         930 m       1025 m  lake        930 m         1058   1128 m, 1128 m
  23   46.1   112.2         914 m        952 m  level                     1080   930 m, 930 m
  24   46.6   112.7         914 m        915 m  level                     1106   914 m, 914 m
  25   47.1   113.1         914 m       1011 m  level                     1135   1059 m, 1059 m
  26   47.0   114.0         914 m        939 m  level                     1103   914 m, 914 m
  27   47.5   114.5         914 m        926 m  down                      1139   914 m, 914 m
  28   47.4   115.4         762 m        803 m  down                      1112   762 m, 762 m
  29   47.9   115.9         701 m        764 m  down                      1154   777 m, 777 m
  30   48.4   116.4         610 m        624 m  lake        655 m         1197   610 m, 693 m
  31   48.9   116.9         534 m        583 m  lake        655 m         1242   579 m, 693 m
  32   49.3   117.5         533 m        599 m  lake        655 m         1290   534 m, 693 m
  33   49.8   118.0         610 m        632 m  lake        655 m         1338   610 m, 693 m
  34   50.3   118.6         572 m        686 m  lake        655 m         1388   671 m, 701 m
  35   50.7   119.2         595 m        674 m  lake        655 m         1439   618 m, 693 m
  36   51.2   119.7         655 m        775 m  lake        655 m         1490   731 m, 731 m
  37   51.6   120.3         640 m        788 m  down                      1541   868 m, 868 m
  38   52.1   120.9         610 m        673 m  down                      1592   610 m, 671 m
  39   52.5   121.5         564 m        718 m  down                      1645   762 m, 762 m
  40   52.9   122.1         534 m        646 m  down                      1698   610 m, 610 m
  41   53.3   122.7         457 m        568 m  down                      1752   610 m, 610 m
  42   53.2   123.6         365 m        514 m  down                      1751   533 m, 533 m
  43   53.6   124.3         229 m        363 m  lake        297 m         1806   305 m, 305 m
  44   53.1   124.6         290 m        397 m  lake        297 m         1751   366 m, 366 m
  45   52.9   125.5         297 m        303 m  down                      1754   305 m, 305 m
  46   53.3   126.1         259 m        304 m  lake        274 m         1811   366 m, 366 m
  47   53.2   127.0         274 m        296 m  lake        274 m         1817   305 m, 305 m
  48   53.0   127.9         243 m        291 m  down                      1825   274 m, 305 m
  49   52.8   128.8         198 m        286 m  lake        213 m         1835   290 m, 305 m
  50   52.3   129.0         152 m        197 m  lake        213 m         1787   152 m, 305 m
  51   51.9   128.4         152 m        219 m  lake        213 m         1727   244 m, 305 m
  52   51.3   128.6         160 m        206 m  lake        213 m         1679   183 m, 305 m
  53   50.8   128.8         183 m        219 m  lake        213 m         1639   244 m, 305 m
  54   50.3   128.9         213 m        229 m  down                      1599   213 m, 305 m
  55   49.8   129.1         137 m        181 m  lake        152 m         1560   152 m, 305 m
  56   49.3   129.2         122 m        179 m  lake        152 m         1522   152 m, 305 m
  57   49.2   130.0         106 m        163 m  lake        152 m         1547   122 m, 305 m
  58   49.1   130.8         152 m        276 m  lake        152 m         1574   152 m, 305 m
  59   49.0   131.5         152 m        346 m  down                      1602   152 m, 152 m
  60   48.5   131.7          91 m        186 m  lake        107 m         1569   91 m, 122 m
  61   48.0   131.8          91 m        122 m  lake        107 m         1538   91 m, 122 m
  62   47.5   131.9          91 m         95 m  lake        107 m         1508   91 m, 122 m
  63   47.0   132.0          91 m         92 m  lake        107 m         1479   91 m, 122 m
  64   46.5   132.1          91 m        112 m  lake        107 m         1452   91 m, 122 m
  65   46.0   132.3          61 m        169 m  lake        107 m         1427   198 m, 198 m
  66   45.6   132.4          61 m         65 m  lake        107 m         1403   61 m, 122 m
  67   45.1   132.5          61 m         83 m  lake        107 m         1381   99 m, 122 m
  68   44.7   131.9          84 m        136 m  lake        107 m         1318   91 m, 122 m
  69   44.2   132.0         107 m        149 m  lake        107 m         1296   137 m, 137 m
  70   43.6   132.1         107 m        206 m  down                      1277   396 m, 396 m
  71   43.3   131.5          60 m        145 m  down                      1215   113 m, 113 m
  72   42.7   131.6        -209 m       -209 m  sea                       1200   -219 m, ocean
72 land cells: 20 steps down to lower ground, 4 over level ground, 48 across full hollows; nearest to its real mouth: 1038 km; leaves the land 1215 km from it
